// Jest Snapshot v1, https://goo.gl/fbAQLP

exports[`renders without crashing 1`] = `
<div
  className="screen"
>
  <div
    className="result-screen"
  >
    0
  </div>
  <div
    className="computation-screen"
  >
    
  </div>
</div>
`;
